---
source: workspaces/diff-engine/tests/e2e-scenarios.rs
expression: "Dot::with_config(&spec_projection.shape().graph, &[])"
---
digraph {
    0 [ label = "CoreShape(\l    CoreShapeNode(\l        \"$string\",\l        CoreShapeNodeDescriptor {\l            kind: StringKind,\l        },\l    ),\l)\l" ]
    1 [ label = "CoreShape(\l    CoreShapeNode(\l        \"$number\",\l        CoreShapeNodeDescriptor {\l            kind: NumberKind,\l        },\l    ),\l)\l" ]
    2 [ label = "CoreShape(\l    CoreShapeNode(\l        \"$boolean\",\l        CoreShapeNodeDescriptor {\l            kind: BooleanKind,\l        },\l    ),\l)\l" ]
    3 [ label = "CoreShape(\l    CoreShapeNode(\l        \"$list\",\l        CoreShapeNodeDescriptor {\l            kind: ListKind,\l        },\l    ),\l)\l" ]
    4 [ label = "ShapeParameter(\l    ShapeParameterNode(\l        \"$listItem\",\l        ShapeParameterNodeDescriptor,\l    ),\l)\l" ]
    5 [ label = "CoreShape(\l    CoreShapeNode(\l        \"$object\",\l        CoreShapeNodeDescriptor {\l            kind: ObjectKind,\l        },\l    ),\l)\l" ]
    6 [ label = "CoreShape(\l    CoreShapeNode(\l        \"$nullable\",\l        CoreShapeNodeDescriptor {\l            kind: NullableKind,\l        },\l    ),\l)\l" ]
    7 [ label = "ShapeParameter(\l    ShapeParameterNode(\l        \"$nullableInner\",\l        ShapeParameterNodeDescriptor,\l    ),\l)\l" ]
    8 [ label = "CoreShape(\l    CoreShapeNode(\l        \"$unknown\",\l        CoreShapeNodeDescriptor {\l            kind: UnknownKind,\l        },\l    ),\l)\l" ]
    9 [ label = "CoreShape(\l    CoreShapeNode(\l        \"$optional\",\l        CoreShapeNodeDescriptor {\l            kind: OptionalKind,\l        },\l    ),\l)\l" ]
    10 [ label = "ShapeParameter(\l    ShapeParameterNode(\l        \"$optionalInner\",\l        ShapeParameterNodeDescriptor,\l    ),\l)\l" ]
    11 [ label = "CoreShape(\l    CoreShapeNode(\l        \"$oneOf\",\l        CoreShapeNodeDescriptor {\l            kind: OneOfKind,\l        },\l    ),\l)\l" ]
    12 [ label = "Shape(\l    ShapeNode(\l        \"shape_ZUQJjxZZWk\",\l        ShapeNodeDescriptor,\l    ),\l)\l" ]
    13 [ label = "Shape(\l    ShapeNode(\l        \"shape_gHBFqqy32v\",\l        ShapeNodeDescriptor,\l    ),\l)\l" ]
    14 [ label = "Shape(\l    ShapeNode(\l        \"shape_4gwDxcPIcD\",\l        ShapeNodeDescriptor,\l    ),\l)\l" ]
    15 [ label = "Shape(\l    ShapeNode(\l        \"shape_GMtxDoA6QP\",\l        ShapeNodeDescriptor,\l    ),\l)\l" ]
    16 [ label = "Shape(\l    ShapeNode(\l        \"shape_1K7h84XwT6\",\l        ShapeNodeDescriptor,\l    ),\l)\l" ]
    17 [ label = "Shape(\l    ShapeNode(\l        \"shape_HBb7JQz6nd\",\l        ShapeNodeDescriptor,\l    ),\l)\l" ]
    18 [ label = "Shape(\l    ShapeNode(\l        \"shape_1VbLLR6vHi\",\l        ShapeNodeDescriptor,\l    ),\l)\l" ]
    19 [ label = "Shape(\l    ShapeNode(\l        \"shape_SjcBKS9X84\",\l        ShapeNodeDescriptor,\l    ),\l)\l" ]
    20 [ label = "Shape(\l    ShapeNode(\l        \"shape_mJS8YvoM93\",\l        ShapeNodeDescriptor,\l    ),\l)\l" ]
    21 [ label = "Shape(\l    ShapeNode(\l        \"shape_dHCx3UqvZy\",\l        ShapeNodeDescriptor,\l    ),\l)\l" ]
    22 [ label = "Field(\l    FieldNode(\l        \"field_rmmGg6vaf7\",\l        FieldNodeDescriptor {\l            name: \"country\",\l        },\l    ),\l)\l" ]
    23 [ label = "Shape(\l    ShapeNode(\l        \"shape_iTjHeinxZf\",\l        ShapeNodeDescriptor,\l    ),\l)\l" ]
    24 [ label = "Field(\l    FieldNode(\l        \"field_npavLXSDbj\",\l        FieldNodeDescriptor {\l            name: \"lat\",\l        },\l    ),\l)\l" ]
    25 [ label = "Shape(\l    ShapeNode(\l        \"shape_cnvPSZhe85\",\l        ShapeNodeDescriptor,\l    ),\l)\l" ]
    26 [ label = "Field(\l    FieldNode(\l        \"field_f7TctEJF0J\",\l        FieldNodeDescriptor {\l            name: \"locality\",\l        },\l    ),\l)\l" ]
    27 [ label = "Shape(\l    ShapeNode(\l        \"shape_6PiVFtClLo\",\l        ShapeNodeDescriptor,\l    ),\l)\l" ]
    28 [ label = "Field(\l    FieldNode(\l        \"field_bucD5E3tTS\",\l        FieldNodeDescriptor {\l            name: \"long\",\l        },\l    ),\l)\l" ]
    29 [ label = "Field(\l    FieldNode(\l        \"field_qFQP5yfXhW\",\l        FieldNodeDescriptor {\l            name: \"Location\",\l        },\l    ),\l)\l" ]
    30 [ label = "Shape(\l    ShapeNode(\l        \"shape_K6Xw9fkWDL\",\l        ShapeNodeDescriptor,\l    ),\l)\l" ]
    31 [ label = "Field(\l    FieldNode(\l        \"field_ptSwJsy7tI\",\l        FieldNodeDescriptor {\l            name: \"circuitId\",\l        },\l    ),\l)\l" ]
    32 [ label = "Shape(\l    ShapeNode(\l        \"shape_TErEvQDRaw\",\l        ShapeNodeDescriptor,\l    ),\l)\l" ]
    33 [ label = "Field(\l    FieldNode(\l        \"field_uvJluUP3ut\",\l        FieldNodeDescriptor {\l            name: \"circuitName\",\l        },\l    ),\l)\l" ]
    34 [ label = "Shape(\l    ShapeNode(\l        \"shape_wlrayc7Z9k\",\l        ShapeNodeDescriptor,\l    ),\l)\l" ]
    35 [ label = "Field(\l    FieldNode(\l        \"field_dw1hKLcEMo\",\l        FieldNodeDescriptor {\l            name: \"url\",\l        },\l    ),\l)\l" ]
    36 [ label = "Field(\l    FieldNode(\l        \"field_s68MXfY4fa\",\l        FieldNodeDescriptor {\l            name: \"Circuit\",\l        },\l    ),\l)\l" ]
    37 [ label = "Shape(\l    ShapeNode(\l        \"shape_XA5M5sp7FW\",\l        ShapeNodeDescriptor,\l    ),\l)\l" ]
    38 [ label = "Shape(\l    ShapeNode(\l        \"shape_KS7FqcnW2A\",\l        ShapeNodeDescriptor,\l    ),\l)\l" ]
    39 [ label = "Shape(\l    ShapeNode(\l        \"shape_kaSMMlXLVr\",\l        ShapeNodeDescriptor,\l    ),\l)\l" ]
    40 [ label = "Field(\l    FieldNode(\l        \"field_s6VsXMW0us\",\l        FieldNodeDescriptor {\l            name: \"constructorId\",\l        },\l    ),\l)\l" ]
    41 [ label = "Shape(\l    ShapeNode(\l        \"shape_1j3n4HJX9Q\",\l        ShapeNodeDescriptor,\l    ),\l)\l" ]
    42 [ label = "Field(\l    FieldNode(\l        \"field_GSf561xjeR\",\l        FieldNodeDescriptor {\l            name: \"name\",\l        },\l    ),\l)\l" ]
    43 [ label = "Shape(\l    ShapeNode(\l        \"shape_Y8rkTAcuZE\",\l        ShapeNodeDescriptor,\l    ),\l)\l" ]
    44 [ label = "Field(\l    FieldNode(\l        \"field_rUJm7Tpubm\",\l        FieldNodeDescriptor {\l            name: \"nationality\",\l        },\l    ),\l)\l" ]
    45 [ label = "Shape(\l    ShapeNode(\l        \"shape_oHbu87Sp9N\",\l        ShapeNodeDescriptor,\l    ),\l)\l" ]
    46 [ label = "Field(\l    FieldNode(\l        \"field_TkpOoAcXqQ\",\l        FieldNodeDescriptor {\l            name: \"url\",\l        },\l    ),\l)\l" ]
    47 [ label = "Field(\l    FieldNode(\l        \"field_oD4xnLYdGS\",\l        FieldNodeDescriptor {\l            name: \"Constructor\",\l        },\l    ),\l)\l" ]
    48 [ label = "Shape(\l    ShapeNode(\l        \"shape_Q1vmb3Yk2o\",\l        ShapeNodeDescriptor,\l    ),\l)\l" ]
    49 [ label = "Shape(\l    ShapeNode(\l        \"shape_hWdV0MH64c\",\l        ShapeNodeDescriptor,\l    ),\l)\l" ]
    50 [ label = "Field(\l    FieldNode(\l        \"field_9SnD9jv8Tl\",\l        FieldNodeDescriptor {\l            name: \"code\",\l        },\l    ),\l)\l" ]
    51 [ label = "Shape(\l    ShapeNode(\l        \"shape_O0T6r1aNzJ\",\l        ShapeNodeDescriptor,\l    ),\l)\l" ]
    52 [ label = "Field(\l    FieldNode(\l        \"field_IlsI9NRyiz\",\l        FieldNodeDescriptor {\l            name: \"dateOfBirth\",\l        },\l    ),\l)\l" ]
    53 [ label = "Shape(\l    ShapeNode(\l        \"shape_HA1BOdtyPQ\",\l        ShapeNodeDescriptor,\l    ),\l)\l" ]
    54 [ label = "Field(\l    FieldNode(\l        \"field_7J5ypaUHV9\",\l        FieldNodeDescriptor {\l            name: \"driverId\",\l        },\l    ),\l)\l" ]
    55 [ label = "Shape(\l    ShapeNode(\l        \"shape_hqbqzPsf3k\",\l        ShapeNodeDescriptor,\l    ),\l)\l" ]
    56 [ label = "Field(\l    FieldNode(\l        \"field_9snl3gNh4X\",\l        FieldNodeDescriptor {\l            name: \"familyName\",\l        },\l    ),\l)\l" ]
    57 [ label = "Shape(\l    ShapeNode(\l        \"shape_y7BytS15uN\",\l        ShapeNodeDescriptor,\l    ),\l)\l" ]
    58 [ label = "Field(\l    FieldNode(\l        \"field_8H0yrYYep1\",\l        FieldNodeDescriptor {\l            name: \"givenName\",\l        },\l    ),\l)\l" ]
    59 [ label = "Shape(\l    ShapeNode(\l        \"shape_dHPixDTUHS\",\l        ShapeNodeDescriptor,\l    ),\l)\l" ]
    60 [ label = "Field(\l    FieldNode(\l        \"field_jdFc2OsRqK\",\l        FieldNodeDescriptor {\l            name: \"nationality\",\l        },\l    ),\l)\l" ]
    61 [ label = "Shape(\l    ShapeNode(\l        \"shape_rJTgdHbZb7\",\l        ShapeNodeDescriptor,\l    ),\l)\l" ]
    62 [ label = "Field(\l    FieldNode(\l        \"field_hVjqCtul7Q\",\l        FieldNodeDescriptor {\l            name: \"permanentNumber\",\l        },\l    ),\l)\l" ]
    63 [ label = "Shape(\l    ShapeNode(\l        \"shape_LogwGfZ6dt\",\l        ShapeNodeDescriptor,\l    ),\l)\l" ]
    64 [ label = "Field(\l    FieldNode(\l        \"field_81jKaGGrKR\",\l        FieldNodeDescriptor {\l            name: \"url\",\l        },\l    ),\l)\l" ]
    65 [ label = "Field(\l    FieldNode(\l        \"field_9NjjQ8XqiC\",\l        FieldNodeDescriptor {\l            name: \"Driver\",\l        },\l    ),\l)\l" ]
    66 [ label = "Shape(\l    ShapeNode(\l        \"shape_DTHG1XLMPV\",\l        ShapeNodeDescriptor,\l    ),\l)\l" ]
    67 [ label = "Shape(\l    ShapeNode(\l        \"shape_Mz0Bk8LJx4\",\l        ShapeNodeDescriptor,\l    ),\l)\l" ]
    68 [ label = "Shape(\l    ShapeNode(\l        \"shape_g4w0rcshvo\",\l        ShapeNodeDescriptor,\l    ),\l)\l" ]
    69 [ label = "Field(\l    FieldNode(\l        \"field_o5ULX5rah5\",\l        FieldNodeDescriptor {\l            name: \"speed\",\l        },\l    ),\l)\l" ]
    70 [ label = "Shape(\l    ShapeNode(\l        \"shape_iIDIvLCcfS\",\l        ShapeNodeDescriptor,\l    ),\l)\l" ]
    71 [ label = "Field(\l    FieldNode(\l        \"field_5Zv3SxFPOU\",\l        FieldNodeDescriptor {\l            name: \"units\",\l        },\l    ),\l)\l" ]
    72 [ label = "Field(\l    FieldNode(\l        \"field_dGAokm0W6a\",\l        FieldNodeDescriptor {\l            name: \"AverageSpeed\",\l        },\l    ),\l)\l" ]
    73 [ label = "Shape(\l    ShapeNode(\l        \"shape_Hkes6mW059\",\l        ShapeNodeDescriptor,\l    ),\l)\l" ]
    74 [ label = "Shape(\l    ShapeNode(\l        \"shape_3Xq1EaSQkc\",\l        ShapeNodeDescriptor,\l    ),\l)\l" ]
    75 [ label = "Field(\l    FieldNode(\l        \"field_6ydB4IrZlc\",\l        FieldNodeDescriptor {\l            name: \"time\",\l        },\l    ),\l)\l" ]
    76 [ label = "Field(\l    FieldNode(\l        \"field_aTz005ocl8\",\l        FieldNodeDescriptor {\l            name: \"Time\",\l        },\l    ),\l)\l" ]
    77 [ label = "Shape(\l    ShapeNode(\l        \"shape_fzqDsTcmuM\",\l        ShapeNodeDescriptor,\l    ),\l)\l" ]
    78 [ label = "Field(\l    FieldNode(\l        \"field_1LCpA0S0dv\",\l        FieldNodeDescriptor {\l            name: \"lap\",\l        },\l    ),\l)\l" ]
    79 [ label = "Shape(\l    ShapeNode(\l        \"shape_cqBVUMcF7a\",\l        ShapeNodeDescriptor,\l    ),\l)\l" ]
    80 [ label = "Field(\l    FieldNode(\l        \"field_WnKwfz5il8\",\l        FieldNodeDescriptor {\l            name: \"rank\",\l        },\l    ),\l)\l" ]
    81 [ label = "Field(\l    FieldNode(\l        \"field_lKkPHZp1kM\",\l        FieldNodeDescriptor {\l            name: \"FastestLap\",\l        },\l    ),\l)\l" ]
    82 [ label = "Shape(\l    ShapeNode(\l        \"shape_ZaQCM40d39\",\l        ShapeNodeDescriptor,\l    ),\l)\l" ]
    83 [ label = "Shape(\l    ShapeNode(\l        \"shape_5pwI4nMken\",\l        ShapeNodeDescriptor,\l    ),\l)\l" ]
    84 [ label = "Field(\l    FieldNode(\l        \"field_gOoqPkowDP\",\l        FieldNodeDescriptor {\l            name: \"millis\",\l        },\l    ),\l)\l" ]
    85 [ label = "Shape(\l    ShapeNode(\l        \"shape_ixSsYcqP04\",\l        ShapeNodeDescriptor,\l    ),\l)\l" ]
    86 [ label = "Field(\l    FieldNode(\l        \"field_aI3iJKd8d8\",\l        FieldNodeDescriptor {\l            name: \"time\",\l        },\l    ),\l)\l" ]
    87 [ label = "Field(\l    FieldNode(\l        \"field_jBer8hMnm5\",\l        FieldNodeDescriptor {\l            name: \"Time\",\l        },\l    ),\l)\l" ]
    88 [ label = "Shape(\l    ShapeNode(\l        \"shape_M1u1THiLg5\",\l        ShapeNodeDescriptor,\l    ),\l)\l" ]
    89 [ label = "Field(\l    FieldNode(\l        \"field_EctFv7oFaj\",\l        FieldNodeDescriptor {\l            name: \"grid\",\l        },\l    ),\l)\l" ]
    90 [ label = "Shape(\l    ShapeNode(\l        \"shape_E3wIBYUTxz\",\l        ShapeNodeDescriptor,\l    ),\l)\l" ]
    91 [ label = "Field(\l    FieldNode(\l        \"field_H4Pl7Ds9uR\",\l        FieldNodeDescriptor {\l            name: \"laps\",\l        },\l    ),\l)\l" ]
    92 [ label = "Shape(\l    ShapeNode(\l        \"shape_DEfFaB2sUk\",\l        ShapeNodeDescriptor,\l    ),\l)\l" ]
    93 [ label = "Field(\l    FieldNode(\l        \"field_aCn1z3SwaT\",\l        FieldNodeDescriptor {\l            name: \"number\",\l        },\l    ),\l)\l" ]
    94 [ label = "Shape(\l    ShapeNode(\l        \"shape_txo6ZqOtpk\",\l        ShapeNodeDescriptor,\l    ),\l)\l" ]
    95 [ label = "Field(\l    FieldNode(\l        \"field_vsB4s8Pe09\",\l        FieldNodeDescriptor {\l            name: \"points\",\l        },\l    ),\l)\l" ]
    96 [ label = "Shape(\l    ShapeNode(\l        \"shape_xlbP1rucqo\",\l        ShapeNodeDescriptor,\l    ),\l)\l" ]
    97 [ label = "Field(\l    FieldNode(\l        \"field_c0MactNj2A\",\l        FieldNodeDescriptor {\l            name: \"position\",\l        },\l    ),\l)\l" ]
    98 [ label = "Shape(\l    ShapeNode(\l        \"shape_9MGrgzPhOw\",\l        ShapeNodeDescriptor,\l    ),\l)\l" ]
    99 [ label = "Field(\l    FieldNode(\l        \"field_VuPEcyF1vf\",\l        FieldNodeDescriptor {\l            name: \"positionText\",\l        },\l    ),\l)\l" ]
    100 [ label = "Shape(\l    ShapeNode(\l        \"shape_DHB4lACdul\",\l        ShapeNodeDescriptor,\l    ),\l)\l" ]
    101 [ label = "Field(\l    FieldNode(\l        \"field_9dSuRtTTxG\",\l        FieldNodeDescriptor {\l            name: \"status\",\l        },\l    ),\l)\l" ]
    102 [ label = "Shape(\l    ShapeNode(\l        \"shape_3qED1KRQhg\",\l        ShapeNodeDescriptor,\l    ),\l)\l" ]
    103 [ label = "Field(\l    FieldNode(\l        \"field_zOCRycvAZJ\",\l        FieldNodeDescriptor {\l            name: \"Results\",\l        },\l    ),\l)\l" ]
    104 [ label = "Shape(\l    ShapeNode(\l        \"shape_h8jdPLNKsp\",\l        ShapeNodeDescriptor,\l    ),\l)\l" ]
    105 [ label = "Field(\l    FieldNode(\l        \"field_Uh902Vk78C\",\l        FieldNodeDescriptor {\l            name: \"date\",\l        },\l    ),\l)\l" ]
    106 [ label = "Shape(\l    ShapeNode(\l        \"shape_qqIHC6xDVH\",\l        ShapeNodeDescriptor,\l    ),\l)\l" ]
    107 [ label = "Field(\l    FieldNode(\l        \"field_ITFL2jMB8x\",\l        FieldNodeDescriptor {\l            name: \"raceName\",\l        },\l    ),\l)\l" ]
    108 [ label = "Shape(\l    ShapeNode(\l        \"shape_i61BOAwOhw\",\l        ShapeNodeDescriptor,\l    ),\l)\l" ]
    109 [ label = "Field(\l    FieldNode(\l        \"field_tHi1Gwb8Ku\",\l        FieldNodeDescriptor {\l            name: \"round\",\l        },\l    ),\l)\l" ]
    110 [ label = "Shape(\l    ShapeNode(\l        \"shape_JqT7NUslk6\",\l        ShapeNodeDescriptor,\l    ),\l)\l" ]
    111 [ label = "Field(\l    FieldNode(\l        \"field_fxqkg1XvG1\",\l        FieldNodeDescriptor {\l            name: \"season\",\l        },\l    ),\l)\l" ]
    112 [ label = "Shape(\l    ShapeNode(\l        \"shape_vtcch5ZDVh\",\l        ShapeNodeDescriptor,\l    ),\l)\l" ]
    113 [ label = "Field(\l    FieldNode(\l        \"field_EOHqqOsyYy\",\l        FieldNodeDescriptor {\l            name: \"time\",\l        },\l    ),\l)\l" ]
    114 [ label = "Shape(\l    ShapeNode(\l        \"shape_fj2yWpRDEh\",\l        ShapeNodeDescriptor,\l    ),\l)\l" ]
    115 [ label = "Field(\l    FieldNode(\l        \"field_5vrGHyf7ZM\",\l        FieldNodeDescriptor {\l            name: \"url\",\l        },\l    ),\l)\l" ]
    116 [ label = "Shape(\l    ShapeNode(\l        \"shape_oCz30NI4Be\",\l        ShapeNodeDescriptor,\l    ),\l)\l" ]
    117 [ label = "Field(\l    FieldNode(\l        \"field_pwfcDq2meR\",\l        FieldNodeDescriptor {\l            name: \"Races\",\l        },\l    ),\l)\l" ]
    118 [ label = "Shape(\l    ShapeNode(\l        \"shape_9nsoVJbTP1\",\l        ShapeNodeDescriptor,\l    ),\l)\l" ]
    119 [ label = "Field(\l    FieldNode(\l        \"field_44RBXlpcQJ\",\l        FieldNodeDescriptor {\l            name: \"driverId\",\l        },\l    ),\l)\l" ]
    120 [ label = "Shape(\l    ShapeNode(\l        \"shape_Gs1LzYEfCQ\",\l        ShapeNodeDescriptor,\l    ),\l)\l" ]
    121 [ label = "Field(\l    FieldNode(\l        \"field_twka43JljA\",\l        FieldNodeDescriptor {\l            name: \"season\",\l        },\l    ),\l)\l" ]
    122 [ label = "Field(\l    FieldNode(\l        \"field_I25Vs4cAAF\",\l        FieldNodeDescriptor {\l            name: \"RaceTable\",\l        },\l    ),\l)\l" ]
    123 [ label = "Shape(\l    ShapeNode(\l        \"shape_0Z1KxFx3Q3\",\l        ShapeNodeDescriptor,\l    ),\l)\l" ]
    124 [ label = "Field(\l    FieldNode(\l        \"field_D2sd46FKwj\",\l        FieldNodeDescriptor {\l            name: \"limit\",\l        },\l    ),\l)\l" ]
    125 [ label = "Shape(\l    ShapeNode(\l        \"shape_OsCK29Ako2\",\l        ShapeNodeDescriptor,\l    ),\l)\l" ]
    126 [ label = "Field(\l    FieldNode(\l        \"field_AJm7jNHyxN\",\l        FieldNodeDescriptor {\l            name: \"offset\",\l        },\l    ),\l)\l" ]
    127 [ label = "Shape(\l    ShapeNode(\l        \"shape_xMMQP7RnaR\",\l        ShapeNodeDescriptor,\l    ),\l)\l" ]
    128 [ label = "Field(\l    FieldNode(\l        \"field_HHoUcbcxiY\",\l        FieldNodeDescriptor {\l            name: \"series\",\l        },\l    ),\l)\l" ]
    129 [ label = "Shape(\l    ShapeNode(\l        \"shape_7okUlcsfTe\",\l        ShapeNodeDescriptor,\l    ),\l)\l" ]
    130 [ label = "Field(\l    FieldNode(\l        \"field_dlVIugfUjy\",\l        FieldNodeDescriptor {\l            name: \"total\",\l        },\l    ),\l)\l" ]
    131 [ label = "Shape(\l    ShapeNode(\l        \"shape_4l2V7bUzNQ\",\l        ShapeNodeDescriptor,\l    ),\l)\l" ]
    132 [ label = "Field(\l    FieldNode(\l        \"field_bCm0zHsqCa\",\l        FieldNodeDescriptor {\l            name: \"url\",\l        },\l    ),\l)\l" ]
    133 [ label = "Shape(\l    ShapeNode(\l        \"shape_7bGGTfwuUs\",\l        ShapeNodeDescriptor,\l    ),\l)\l" ]
    134 [ label = "Field(\l    FieldNode(\l        \"field_u20HS5kyf1\",\l        FieldNodeDescriptor {\l            name: \"xmlns\",\l        },\l    ),\l)\l" ]
    135 [ label = "Field(\l    FieldNode(\l        \"field_AfS6EZ0kL3\",\l        FieldNodeDescriptor {\l            name: \"MRData\",\l        },\l    ),\l)\l" ]
    4 -> 3 [ label = "IsParameterOf\l" ]
    7 -> 6 [ label = "IsParameterOf\l" ]
    10 -> 9 [ label = "IsParameterOf\l" ]
    12 -> 0 [ label = "IsDescendantOf\l" ]
    13 -> 0 [ label = "IsDescendantOf\l" ]
    14 -> 5 [ label = "IsDescendantOf\l" ]
    15 -> 5 [ label = "IsDescendantOf\l" ]
    16 -> 5 [ label = "IsDescendantOf\l" ]
    17 -> 5 [ label = "IsDescendantOf\l" ]
    18 -> 5 [ label = "IsDescendantOf\l" ]
    19 -> 5 [ label = "IsDescendantOf\l" ]
    20 -> 5 [ label = "IsDescendantOf\l" ]
    21 -> 0 [ label = "IsDescendantOf\l" ]
    21 -> 22 [ label = "BelongsTo\l" ]
    22 -> 20 [ label = "IsFieldOf\l" ]
    23 -> 0 [ label = "IsDescendantOf\l" ]
    23 -> 24 [ label = "BelongsTo\l" ]
    24 -> 20 [ label = "IsFieldOf\l" ]
    25 -> 0 [ label = "IsDescendantOf\l" ]
    25 -> 26 [ label = "BelongsTo\l" ]
    26 -> 20 [ label = "IsFieldOf\l" ]
    27 -> 0 [ label = "IsDescendantOf\l" ]
    27 -> 28 [ label = "BelongsTo\l" ]
    28 -> 20 [ label = "IsFieldOf\l" ]
    20 -> 29 [ label = "BelongsTo\l" ]
    29 -> 19 [ label = "IsFieldOf\l" ]
    30 -> 0 [ label = "IsDescendantOf\l" ]
    30 -> 31 [ label = "BelongsTo\l" ]
    31 -> 19 [ label = "IsFieldOf\l" ]
    32 -> 0 [ label = "IsDescendantOf\l" ]
    32 -> 33 [ label = "BelongsTo\l" ]
    33 -> 19 [ label = "IsFieldOf\l" ]
    34 -> 0 [ label = "IsDescendantOf\l" ]
    34 -> 35 [ label = "BelongsTo\l" ]
    35 -> 19 [ label = "IsFieldOf\l" ]
    19 -> 36 [ label = "BelongsTo\l" ]
    36 -> 18 [ label = "IsFieldOf\l" ]
    37 -> 5 [ label = "IsDescendantOf\l" ]
    38 -> 5 [ label = "IsDescendantOf\l" ]
    39 -> 0 [ label = "IsDescendantOf\l" ]
    39 -> 40 [ label = "BelongsTo\l" ]
    40 -> 38 [ label = "IsFieldOf\l" ]
    41 -> 0 [ label = "IsDescendantOf\l" ]
    41 -> 42 [ label = "BelongsTo\l" ]
    42 -> 38 [ label = "IsFieldOf\l" ]
    43 -> 0 [ label = "IsDescendantOf\l" ]
    43 -> 44 [ label = "BelongsTo\l" ]
    44 -> 38 [ label = "IsFieldOf\l" ]
    45 -> 0 [ label = "IsDescendantOf\l" ]
    45 -> 46 [ label = "BelongsTo\l" ]
    46 -> 38 [ label = "IsFieldOf\l" ]
    38 -> 47 [ label = "BelongsTo\l" ]
    47 -> 37 [ label = "IsFieldOf\l" ]
    48 -> 5 [ label = "IsDescendantOf\l" ]
    49 -> 0 [ label = "IsDescendantOf\l" ]
    49 -> 50 [ label = "BelongsTo\l" ]
    50 -> 48 [ label = "IsFieldOf\l" ]
    51 -> 0 [ label = "IsDescendantOf\l" ]
    51 -> 52 [ label = "BelongsTo\l" ]
    52 -> 48 [ label = "IsFieldOf\l" ]
    53 -> 0 [ label = "IsDescendantOf\l" ]
    53 -> 54 [ label = "BelongsTo\l" ]
    54 -> 48 [ label = "IsFieldOf\l" ]
    55 -> 0 [ label = "IsDescendantOf\l" ]
    55 -> 56 [ label = "BelongsTo\l" ]
    56 -> 48 [ label = "IsFieldOf\l" ]
    57 -> 0 [ label = "IsDescendantOf\l" ]
    57 -> 58 [ label = "BelongsTo\l" ]
    58 -> 48 [ label = "IsFieldOf\l" ]
    59 -> 0 [ label = "IsDescendantOf\l" ]
    59 -> 60 [ label = "BelongsTo\l" ]
    60 -> 48 [ label = "IsFieldOf\l" ]
    61 -> 0 [ label = "IsDescendantOf\l" ]
    61 -> 62 [ label = "BelongsTo\l" ]
    62 -> 48 [ label = "IsFieldOf\l" ]
    63 -> 0 [ label = "IsDescendantOf\l" ]
    63 -> 64 [ label = "BelongsTo\l" ]
    64 -> 48 [ label = "IsFieldOf\l" ]
    48 -> 65 [ label = "BelongsTo\l" ]
    65 -> 37 [ label = "IsFieldOf\l" ]
    66 -> 5 [ label = "IsDescendantOf\l" ]
    67 -> 5 [ label = "IsDescendantOf\l" ]
    68 -> 0 [ label = "IsDescendantOf\l" ]
    68 -> 69 [ label = "BelongsTo\l" ]
    69 -> 67 [ label = "IsFieldOf\l" ]
    70 -> 0 [ label = "IsDescendantOf\l" ]
    70 -> 71 [ label = "BelongsTo\l" ]
    71 -> 67 [ label = "IsFieldOf\l" ]
    67 -> 72 [ label = "BelongsTo\l" ]
    72 -> 66 [ label = "IsFieldOf\l" ]
    73 -> 5 [ label = "IsDescendantOf\l" ]
    74 -> 0 [ label = "IsDescendantOf\l" ]
    74 -> 75 [ label = "BelongsTo\l" ]
    75 -> 73 [ label = "IsFieldOf\l" ]
    73 -> 76 [ label = "BelongsTo\l" ]
    76 -> 66 [ label = "IsFieldOf\l" ]
    77 -> 0 [ label = "IsDescendantOf\l" ]
    77 -> 78 [ label = "BelongsTo\l" ]
    78 -> 66 [ label = "IsFieldOf\l" ]
    79 -> 0 [ label = "IsDescendantOf\l" ]
    79 -> 80 [ label = "BelongsTo\l" ]
    80 -> 66 [ label = "IsFieldOf\l" ]
    66 -> 81 [ label = "BelongsTo\l" ]
    81 -> 37 [ label = "IsFieldOf\l" ]
    82 -> 5 [ label = "IsDescendantOf\l" ]
    83 -> 0 [ label = "IsDescendantOf\l" ]
    83 -> 84 [ label = "BelongsTo\l" ]
    84 -> 82 [ label = "IsFieldOf\l" ]
    85 -> 0 [ label = "IsDescendantOf\l" ]
    85 -> 86 [ label = "BelongsTo\l" ]
    86 -> 82 [ label = "IsFieldOf\l" ]
    82 -> 87 [ label = "BelongsTo\l" ]
    87 -> 37 [ label = "IsFieldOf\l" ]
    88 -> 0 [ label = "IsDescendantOf\l" ]
    88 -> 89 [ label = "BelongsTo\l" ]
    89 -> 37 [ label = "IsFieldOf\l" ]
    90 -> 0 [ label = "IsDescendantOf\l" ]
    90 -> 91 [ label = "BelongsTo\l" ]
    91 -> 37 [ label = "IsFieldOf\l" ]
    92 -> 0 [ label = "IsDescendantOf\l" ]
    92 -> 93 [ label = "BelongsTo\l" ]
    93 -> 37 [ label = "IsFieldOf\l" ]
    94 -> 0 [ label = "IsDescendantOf\l" ]
    94 -> 95 [ label = "BelongsTo\l" ]
    95 -> 37 [ label = "IsFieldOf\l" ]
    96 -> 0 [ label = "IsDescendantOf\l" ]
    96 -> 97 [ label = "BelongsTo\l" ]
    97 -> 37 [ label = "IsFieldOf\l" ]
    98 -> 0 [ label = "IsDescendantOf\l" ]
    98 -> 99 [ label = "BelongsTo\l" ]
    99 -> 37 [ label = "IsFieldOf\l" ]
    100 -> 0 [ label = "IsDescendantOf\l" ]
    100 -> 101 [ label = "BelongsTo\l" ]
    101 -> 37 [ label = "IsFieldOf\l" ]
    102 -> 3 [ label = "IsDescendantOf\l" ]
    102 -> 103 [ label = "BelongsTo\l" ]
    103 -> 18 [ label = "IsFieldOf\l" ]
    104 -> 0 [ label = "IsDescendantOf\l" ]
    104 -> 105 [ label = "BelongsTo\l" ]
    105 -> 18 [ label = "IsFieldOf\l" ]
    106 -> 0 [ label = "IsDescendantOf\l" ]
    106 -> 107 [ label = "BelongsTo\l" ]
    107 -> 18 [ label = "IsFieldOf\l" ]
    108 -> 0 [ label = "IsDescendantOf\l" ]
    108 -> 109 [ label = "BelongsTo\l" ]
    109 -> 18 [ label = "IsFieldOf\l" ]
    110 -> 0 [ label = "IsDescendantOf\l" ]
    110 -> 111 [ label = "BelongsTo\l" ]
    111 -> 18 [ label = "IsFieldOf\l" ]
    112 -> 0 [ label = "IsDescendantOf\l" ]
    112 -> 113 [ label = "BelongsTo\l" ]
    113 -> 18 [ label = "IsFieldOf\l" ]
    114 -> 0 [ label = "IsDescendantOf\l" ]
    114 -> 115 [ label = "BelongsTo\l" ]
    115 -> 18 [ label = "IsFieldOf\l" ]
    116 -> 3 [ label = "IsDescendantOf\l" ]
    116 -> 117 [ label = "BelongsTo\l" ]
    117 -> 17 [ label = "IsFieldOf\l" ]
    118 -> 0 [ label = "IsDescendantOf\l" ]
    118 -> 119 [ label = "BelongsTo\l" ]
    119 -> 17 [ label = "IsFieldOf\l" ]
    120 -> 0 [ label = "IsDescendantOf\l" ]
    120 -> 121 [ label = "BelongsTo\l" ]
    121 -> 17 [ label = "IsFieldOf\l" ]
    17 -> 122 [ label = "BelongsTo\l" ]
    122 -> 16 [ label = "IsFieldOf\l" ]
    123 -> 0 [ label = "IsDescendantOf\l" ]
    123 -> 124 [ label = "BelongsTo\l" ]
    124 -> 16 [ label = "IsFieldOf\l" ]
    125 -> 0 [ label = "IsDescendantOf\l" ]
    125 -> 126 [ label = "BelongsTo\l" ]
    126 -> 16 [ label = "IsFieldOf\l" ]
    127 -> 0 [ label = "IsDescendantOf\l" ]
    127 -> 128 [ label = "BelongsTo\l" ]
    128 -> 16 [ label = "IsFieldOf\l" ]
    129 -> 0 [ label = "IsDescendantOf\l" ]
    129 -> 130 [ label = "BelongsTo\l" ]
    130 -> 16 [ label = "IsFieldOf\l" ]
    131 -> 0 [ label = "IsDescendantOf\l" ]
    131 -> 132 [ label = "BelongsTo\l" ]
    132 -> 16 [ label = "IsFieldOf\l" ]
    133 -> 0 [ label = "IsDescendantOf\l" ]
    133 -> 134 [ label = "BelongsTo\l" ]
    134 -> 16 [ label = "IsFieldOf\l" ]
    16 -> 135 [ label = "BelongsTo\l" ]
    135 -> 15 [ label = "IsFieldOf\l" ]
    102 -> 4 [ label = "HasBinding(\l    ShapeParameterBinding {\l        shape_id: \"shape_XA5M5sp7FW\",\l    },\l)\l" ]
    116 -> 4 [ label = "HasBinding(\l    ShapeParameterBinding {\l        shape_id: \"shape_1VbLLR6vHi\",\l    },\l)\l" ]
}

