---
source: workspaces/diff-engine/tests/e2e-scenarios.rs
expression: results
---
[]
